16:04:02 **** Incremental Build of configuration Debug for project Bush_Button ****
make -j12 all 
arm-none-eabi-g++ "../Core/Src/main.cpp" -mcpu=cortex-m3 -std=gnu++14 -g3 -DDEBUG -DUSE_HAL_DRIVER -DSTM32F103xB -c -I../Core/Inc -I../Drivers/STM32F1xx_HAL_Driver/Inc/Legacy -I../Drivers/STM32F1xx_HAL_Driver/Inc -I../Drivers/CMSIS/Device/ST/STM32F1xx/Include -I../Drivers/CMSIS/Include -O0 -ffunction-sections -fdata-sections -fno-exceptions -fno-rtti -fno-use-cxa-atexit -Wall -fstack-usage -fcyclomatic-complexity -MMD -MP -MF"Core/Src/main.d" -MT"Core/Src/main.o" --specs=nano.specs -mfloat-abi=soft -mthumb -o "Core/Src/main.o"
arm-none-eabi-g++ "../Core/Src/motor.cpp" -mcpu=cortex-m3 -std=gnu++14 -g3 -DDEBUG -DUSE_HAL_DRIVER -DSTM32F103xB -c -I../Core/Inc -I../Drivers/STM32F1xx_HAL_Driver/Inc/Legacy -I../Drivers/STM32F1xx_HAL_Driver/Inc -I../Drivers/CMSIS/Device/ST/STM32F1xx/Include -I../Drivers/CMSIS/Include -O0 -ffunction-sections -fdata-sections -fno-exceptions -fno-rtti -fno-use-cxa-atexit -Wall -fstack-usage -fcyclomatic-complexity -MMD -MP -MF"Core/Src/motor.d" -MT"Core/Src/motor.o" --specs=nano.specs -mfloat-abi=soft -mthumb -o "Core/Src/motor.o"
arm-none-eabi-g++ "../Core/Src/robot.cpp" -mcpu=cortex-m3 -std=gnu++14 -g3 -DDEBUG -DUSE_HAL_DRIVER -DSTM32F103xB -c -I../Core/Inc -I../Drivers/STM32F1xx_HAL_Driver/Inc/Legacy -I../Drivers/STM32F1xx_HAL_Driver/Inc -I../Drivers/CMSIS/Device/ST/STM32F1xx/Include -I../Drivers/CMSIS/Include -O0 -ffunction-sections -fdata-sections -fno-exceptions -fno-rtti -fno-use-cxa-atexit -Wall -fstack-usage -fcyclomatic-complexity -MMD -MP -MF"Core/Src/robot.d" -MT"Core/Src/robot.o" --specs=nano.specs -mfloat-abi=soft -mthumb -o "Core/Src/robot.o"
arm-none-eabi-g++ -o "Bush_Button.elf" @"objects.list"   -mcpu=cortex-m3 -T"C:\Users\Maydoum\STM32CubeIDE\workspace_1.14.1\Bush_Button\STM32F103C8TX_FLASH.ld" --specs=nosys.specs -Wl,-Map="Bush_Button.map" -Wl,--gc-sections -static --specs=nano.specs -mfloat-abi=soft -mthumb -Wl,--start-group -lc -lm -lstdc++ -lsupc++ -Wl,--end-group
Finished building target: Bush_Button.elf
 
arm-none-eabi-size  Bush_Button.elf 
arm-none-eabi-objdump -h -S Bush_Button.elf  > "Bush_Button.list"
   text	   data	    bss	    dec	    hex	filename
   1232	     12	   1572	   2816	    b00	Bush_Button.elf
arm-none-eabi-objcopy  -O ihex Bush_Button.elf  "Bush_Button.hex"
Finished building: default.size.stdout
Finished building: Bush_Button.list
 
Finished building: Bush_Button.hex
 
arm-none-eabi-objcopy  -O binary Bush_Button.elf  "Bush_Button.bin"
 
Finished building: Bush_Button.bin
 

16:04:06 Build Finished. 0 errors, 0 warnings. (took 3s.725ms)

