06:54:14 **** Build of configuration Debug for project EXTI ****
make -j12 all 
arm-none-eabi-gcc "../Core/Src/main.c" -mcpu=cortex-m3 -std=gnu11 -g3 -DDEBUG -DUSE_HAL_DRIVER -DSTM32F103xB -c -I../Core/Inc -I../Drivers/STM32F1xx_HAL_Driver/Inc/Legacy -I../Drivers/STM32F1xx_HAL_Driver/Inc -I../Drivers/CMSIS/Device/ST/STM32F1xx/Include -I../Drivers/CMSIS/Include -O0 -ffunction-sections -fdata-sections -Wall -fstack-usage -fcyclomatic-complexity -MMD -MP -MF"Core/Src/main.d" -MT"Core/Src/main.o" --specs=nano.specs -mfloat-abi=soft -mthumb -o "Core/Src/main.o"
arm-none-eabi-g++ -o "EXTI.elf" @"objects.list"   -mcpu=cortex-m3 -T"C:\Users\Maydoum\STM32CubeIDE\workspace_1.14.1\EXTI\STM32F103C8TX_FLASH.ld" --specs=nosys.specs -Wl,-Map="EXTI.map" -Wl,--gc-sections -static --specs=nano.specs -mfloat-abi=soft -mthumb -Wl,--start-group -lc -lm -lstdc++ -lsupc++ -Wl,--end-group
Finished building target: EXTI.elf
 
arm-none-eabi-size  EXTI.elf 
arm-none-eabi-objdump -h -S EXTI.elf  > "EXTI.list"
   text	   data	    bss	    dec	    hex	filename
    776	     12	   1572	   2360	    938	EXTI.elf
arm-none-eabi-objcopy  -O ihex EXTI.elf  "EXTI.hex"
Finished building: default.size.stdout
Finished building: EXTI.list
 
Finished building: EXTI.hex
 
arm-none-eabi-objcopy  -O binary EXTI.elf  "EXTI.bin"
 
Finished building: EXTI.bin
 

06:54:16 Build Finished. 0 errors, 0 warnings. (took 1s.691ms)

