13:59:33 **** Incremental Build of configuration Debug for project GPIO_LED_OOP ****
make -j12 all 
arm-none-eabi-g++ "../Core/Src/main.cpp" -mcpu=cortex-m3 -std=gnu++14 -g3 -DDEBUG -DUSE_HAL_DRIVER -DSTM32F103xB -c -I../Core/Inc -I../Drivers/STM32F1xx_HAL_Driver/Inc/Legacy -I../Drivers/STM32F1xx_HAL_Driver/Inc -I../Drivers/CMSIS/Device/ST/STM32F1xx/Include -I../Drivers/CMSIS/Include -O0 -ffunction-sections -fdata-sections -fno-exceptions -fno-rtti -fno-use-cxa-atexit -Wall -fstack-usage -fcyclomatic-complexity -MMD -MP -MF"Core/Src/main.d" -MT"Core/Src/main.o" --specs=nano.specs -mfloat-abi=soft -mthumb -o "Core/Src/main.o"
../Core/Src/main.cpp:6: warning: "SET_BIT" redefined
    6 | #define SET_BIT(reg,bit)        reg |= (1<<bit)
      | 
In file included from ../Drivers/STM32F1xx_HAL_Driver/Inc/stm32f1xx_hal_def.h:30,
                 from ../Drivers/STM32F1xx_HAL_Driver/Inc/stm32f1xx_hal_rcc.h:29,
                 from ../Core/Inc/stm32f1xx_hal_conf.h:238,
                 from ../Drivers/STM32F1xx_HAL_Driver/Inc/stm32f1xx_hal.h:30,
                 from ../Core/Inc/main.h:30,
                 from ../Core/Src/main.cpp:3:
../Drivers/CMSIS/Device/ST/STM32F1xx/Include/stm32f1xx.h:178: note: this is the location of the previous definition
  178 | #define SET_BIT(REG, BIT)     ((REG) |= (BIT))
      | 
../Core/Src/main.cpp:7: warning: "CLEAR_BIT" redefined
    7 | #define CLEAR_BIT(reg,bit)      reg &=~ (1<<bit)
      | 
In file included from ../Drivers/STM32F1xx_HAL_Driver/Inc/stm32f1xx_hal_def.h:30,
                 from ../Drivers/STM32F1xx_HAL_Driver/Inc/stm32f1xx_hal_rcc.h:29,
                 from ../Core/Inc/stm32f1xx_hal_conf.h:238,
                 from ../Drivers/STM32F1xx_HAL_Driver/Inc/stm32f1xx_hal.h:30,
                 from ../Core/Inc/main.h:30,
                 from ../Core/Src/main.cpp:3:
../Drivers/CMSIS/Device/ST/STM32F1xx/Include/stm32f1xx.h:180: note: this is the location of the previous definition
  180 | #define CLEAR_BIT(REG, BIT)   ((REG) &= ~(BIT))
      | 
arm-none-eabi-g++ -o "GPIO_LED_OOP.elf" @"objects.list"   -mcpu=cortex-m3 -T"F:\education\Embedded C++ Diploma\EmbeddedCppDiploma\interfacing\STM32CubeProjects\GPIO_LED_OOP\STM32F103C8TX_FLASH.ld" --specs=nosys.specs -Wl,-Map="GPIO_LED_OOP.map" -Wl,--gc-sections -static --specs=nano.specs -mfloat-abi=soft -mthumb -Wl,--start-group -lc -lm -lstdc++ -lsupc++ -Wl,--end-group
Finished building target: GPIO_LED_OOP.elf
 
arm-none-eabi-size  GPIO_LED_OOP.elf 
arm-none-eabi-objdump -h -S GPIO_LED_OOP.elf  > "GPIO_LED_OOP.list"
   text	   data	    bss	    dec	    hex	filename
   1268	     28	   1572	   2868	    b34	GPIO_LED_OOP.elf
Finished building: default.size.stdout
Finished building: GPIO_LED_OOP.list
 
 

13:59:35 Build Finished. 0 errors, 2 warnings. (took 2s.761ms)

