18:12:26 **** Incremental Build of configuration Debug for project LED_And_BB ****
make -j12 all 
arm-none-eabi-g++ "../Core/Src/main.cpp" -mcpu=cortex-m3 -std=gnu++14 -g3 -DDEBUG -DUSE_HAL_DRIVER -DSTM32F103xB -c -I../Core/Inc -I../Drivers/STM32F1xx_HAL_Driver/Inc/Legacy -I../Drivers/STM32F1xx_HAL_Driver/Inc -I../Drivers/CMSIS/Device/ST/STM32F1xx/Include -I../Drivers/CMSIS/Include -O0 -ffunction-sections -fdata-sections -fno-exceptions -fno-rtti -fno-use-cxa-atexit -Wall -fstack-usage -fcyclomatic-complexity -MMD -MP -MF"Core/Src/main.d" -MT"Core/Src/main.o" --specs=nano.specs -mfloat-abi=soft -mthumb -o "Core/Src/main.o"
arm-none-eabi-g++ -o "LED_And_BB.elf" @"objects.list"   -mcpu=cortex-m3 -T"C:\Users\Maydoum\STM32CubeIDE\workspace_1.14.1\LED_And_BB\STM32F103C8TX_FLASH.ld" --specs=nosys.specs -Wl,-Map="LED_And_BB.map" -Wl,--gc-sections -static --specs=nano.specs -mfloat-abi=soft -mthumb -Wl,--start-group -lc -lm -lstdc++ -lsupc++ -Wl,--end-group
Finished building target: LED_And_BB.elf
 
arm-none-eabi-size  LED_And_BB.elf 
arm-none-eabi-objdump -h -S LED_And_BB.elf  > "LED_And_BB.list"
   text	   data	    bss	    dec	    hex	filename
    868	     12	   1572	   2452	    994	LED_And_BB.elf
Finished building: default.size.stdout
 
Finished building: LED_And_BB.list
 

18:12:27 Build Finished. 0 errors, 0 warnings. (took 1s.452ms)

