15:48:18 **** Incremental Build of configuration Debug for project MOTOR_Driver ****
make -j12 all 
arm-none-eabi-g++ "../Core/Src/robot.cpp" -mcpu=cortex-m3 -std=gnu++14 -g3 -DDEBUG -DUSE_HAL_DRIVER -DSTM32F103xB -c -I../Core/Inc -I../Drivers/STM32F1xx_HAL_Driver/Inc/Legacy -I../Drivers/STM32F1xx_HAL_Driver/Inc -I../Drivers/CMSIS/Device/ST/STM32F1xx/Include -I../Drivers/CMSIS/Include -O0 -ffunction-sections -fdata-sections -fno-exceptions -fno-rtti -fno-use-cxa-atexit -Wall -fstack-usage -fcyclomatic-complexity -MMD -MP -MF"Core/Src/robot.d" -MT"Core/Src/robot.o" --specs=nano.specs -mfloat-abi=soft -mthumb -o "Core/Src/robot.o"
arm-none-eabi-g++ -o "MOTOR_Driver.elf" @"objects.list"   -mcpu=cortex-m3 -T"C:\Users\Maydoum\STM32CubeIDE\workspace_1.14.1\MOTOR_Driver\STM32F103C8TX_FLASH.ld" --specs=nosys.specs -Wl,-Map="MOTOR_Driver.map" -Wl,--gc-sections -static --specs=nano.specs -mfloat-abi=soft -mthumb -Wl,--start-group -lc -lm -lstdc++ -lsupc++ -Wl,--end-group
Finished building target: MOTOR_Driver.elf
 
arm-none-eabi-size  MOTOR_Driver.elf 
arm-none-eabi-objdump -h -S MOTOR_Driver.elf  > "MOTOR_Driver.list"
   text	   data	    bss	    dec	    hex	filename
    636	     12	   1572	   2220	    8ac	MOTOR_Driver.elf
Finished building: default.size.stdout
 
Finished building: MOTOR_Driver.list
 

15:48:20 Build Finished. 0 errors, 0 warnings. (took 2s.456ms)

