16:07:32 **** Incremental Build of configuration Debug for project RTOS_Semaphore ****
make -j12 all 
arm-none-eabi-gcc "../Core/Src/main.c" -mcpu=cortex-m3 -std=gnu11 -g3 -DDEBUG -DUSE_HAL_DRIVER -DSTM32F103xB -c -I../Core/Inc -I../Drivers/STM32F1xx_HAL_Driver/Inc/Legacy -I../Drivers/STM32F1xx_HAL_Driver/Inc -I../Drivers/CMSIS/Device/ST/STM32F1xx/Include -I../Drivers/CMSIS/Include -O0 -ffunction-sections -fdata-sections -Wall -fstack-usage -fcyclomatic-complexity -MMD -MP -MF"Core/Src/main.d" -MT"Core/Src/main.o" --specs=nano.specs -mfloat-abi=soft -mthumb -o "Core/Src/main.o"
arm-none-eabi-gcc -o "RTOS_Semaphore.elf" @"objects.list"   -mcpu=cortex-m3 -T"C:\Users\Maydoum\STM32CubeIDE\workspace_1.14.1\RTOS_Semaphore\STM32F103C8TX_FLASH.ld" --specs=nosys.specs -Wl,-Map="RTOS_Semaphore.map" -Wl,--gc-sections -static --specs=nano.specs -mfloat-abi=soft -mthumb -Wl,--start-group -lc -lm -Wl,--end-group
Finished building target: RTOS_Semaphore.elf
 
arm-none-eabi-size  RTOS_Semaphore.elf 
arm-none-eabi-objdump -h -S RTOS_Semaphore.elf  > "RTOS_Semaphore.list"
   text	   data	    bss	    dec	    hex	filename
   8144	     20	  12108	  20272	   4f30	RTOS_Semaphore.elf
Finished building: default.size.stdout
 
Finished building: RTOS_Semaphore.list
 

16:07:35 Build Finished. 0 errors, 0 warnings. (took 2s.558ms)

