06:54:26 **** Build of configuration Debug for project SysTick_timer ****
make -j12 all 
arm-none-eabi-gcc "../Core/Src/delay.c" -mcpu=cortex-m3 -std=gnu11 -g3 -DDEBUG -DUSE_HAL_DRIVER -DSTM32F103xB -c -I../Core/Inc -I../Drivers/STM32F1xx_HAL_Driver/Inc/Legacy -I../Drivers/STM32F1xx_HAL_Driver/Inc -I../Drivers/CMSIS/Device/ST/STM32F1xx/Include -I../Drivers/CMSIS/Include -O0 -ffunction-sections -fdata-sections -Wall -fstack-usage -fcyclomatic-complexity -MMD -MP -MF"Core/Src/delay.d" -MT"Core/Src/delay.o" --specs=nano.specs -mfloat-abi=soft -mthumb -o "Core/Src/delay.o"
arm-none-eabi-g++ -o "SysTick_timer.elf" @"objects.list"   -mcpu=cortex-m3 -T"C:\Users\Maydoum\STM32CubeIDE\workspace_1.14.1\SysTick_timer\STM32F103C8TX_FLASH.ld" --specs=nosys.specs -Wl,-Map="SysTick_timer.map" -Wl,--gc-sections -static --specs=nano.specs -mfloat-abi=soft -mthumb -Wl,--start-group -lc -lm -lstdc++ -lsupc++ -Wl,--end-group
Finished building target: SysTick_timer.elf
 
arm-none-eabi-size  SysTick_timer.elf 
arm-none-eabi-objdump -h -S SysTick_timer.elf  > "SysTick_timer.list"
   text	   data	    bss	    dec	    hex	filename
    788	     12	   1572	   2372	    944	SysTick_timer.elf
arm-none-eabi-objcopy  -O ihex SysTick_timer.elf  "SysTick_timer.hex"
Finished building: default.size.stdout
Finished building: SysTick_timer.list
 
Finished building: SysTick_timer.hex
 
arm-none-eabi-objcopy  -O binary SysTick_timer.elf  "SysTick_timer.bin"
 
Finished building: SysTick_timer.bin
 

06:54:27 Build Finished. 0 errors, 0 warnings. (took 1s.585ms)

