Archive member included to satisfy reference by file (symbol)

C:/ST/STM32CubeIDE_1.14.1/STM32CubeIDE/plugins/com.st.stm32cube.ide.mcu.externaltools.gnu-tools-for-stm32.11.3.rel1.win32_1.1.100.202309141235/tools/bin/../lib/gcc/arm-none-eabi/11.3.1/../../../../arm-none-eabi/lib/thumb/v7-m/nofp\libc_nano.a(libc_a-exit.o)
                              C:/ST/STM32CubeIDE_1.14.1/STM32CubeIDE/plugins/com.st.stm32cube.ide.mcu.externaltools.gnu-tools-for-stm32.11.3.rel1.win32_1.1.100.202309141235/tools/bin/../lib/gcc/arm-none-eabi/11.3.1/../../../../arm-none-eabi/lib/thumb/v7-m/nofp/crt0.o (exit)
C:/ST/STM32CubeIDE_1.14.1/STM32CubeIDE/plugins/com.st.stm32cube.ide.mcu.externaltools.gnu-tools-for-stm32.11.3.rel1.win32_1.1.100.202309141235/tools/bin/../lib/gcc/arm-none-eabi/11.3.1/../../../../arm-none-eabi/lib/thumb/v7-m/nofp\libc_nano.a(libc_a-findfp.o)
                              C:/ST/STM32CubeIDE_1.14.1/STM32CubeIDE/plugins/com.st.stm32cube.ide.mcu.externaltools.gnu-tools-for-stm32.11.3.rel1.win32_1.1.100.202309141235/tools/bin/../lib/gcc/arm-none-eabi/11.3.1/../../../../arm-none-eabi/lib/thumb/v7-m/nofp\libc_nano.a(libc_a-exit.o) (__stdio_exit_handler)
C:/ST/STM32CubeIDE_1.14.1/STM32CubeIDE/plugins/com.st.stm32cube.ide.mcu.externaltools.gnu-tools-for-stm32.11.3.rel1.win32_1.1.100.202309141235/tools/bin/../lib/gcc/arm-none-eabi/11.3.1/../../../../arm-none-eabi/lib/thumb/v7-m/nofp\libc_nano.a(libc_a-fwalk.o)
                              C:/ST/STM32CubeIDE_1.14.1/STM32CubeIDE/plugins/com.st.stm32cube.ide.mcu.externaltools.gnu-tools-for-stm32.11.3.rel1.win32_1.1.100.202309141235/tools/bin/../lib/gcc/arm-none-eabi/11.3.1/../../../../arm-none-eabi/lib/thumb/v7-m/nofp\libc_nano.a(libc_a-findfp.o) (_fwalk_sglue)
C:/ST/STM32CubeIDE_1.14.1/STM32CubeIDE/plugins/com.st.stm32cube.ide.mcu.externaltools.gnu-tools-for-stm32.11.3.rel1.win32_1.1.100.202309141235/tools/bin/../lib/gcc/arm-none-eabi/11.3.1/../../../../arm-none-eabi/lib/thumb/v7-m/nofp\libc_nano.a(libc_a-stdio.o)
                              C:/ST/STM32CubeIDE_1.14.1/STM32CubeIDE/plugins/com.st.stm32cube.ide.mcu.externaltools.gnu-tools-for-stm32.11.3.rel1.win32_1.1.100.202309141235/tools/bin/../lib/gcc/arm-none-eabi/11.3.1/../../../../arm-none-eabi/lib/thumb/v7-m/nofp\libc_nano.a(libc_a-findfp.o) (__sread)
C:/ST/STM32CubeIDE_1.14.1/STM32CubeIDE/plugins/com.st.stm32cube.ide.mcu.externaltools.gnu-tools-for-stm32.11.3.rel1.win32_1.1.100.202309141235/tools/bin/../lib/gcc/arm-none-eabi/11.3.1/../../../../arm-none-eabi/lib/thumb/v7-m/nofp\libc_nano.a(libc_a-memset.o)
                              C:/ST/STM32CubeIDE_1.14.1/STM32CubeIDE/plugins/com.st.stm32cube.ide.mcu.externaltools.gnu-tools-for-stm32.11.3.rel1.win32_1.1.100.202309141235/tools/bin/../lib/gcc/arm-none-eabi/11.3.1/../../../../arm-none-eabi/lib/thumb/v7-m/nofp/crt0.o (memset)
C:/ST/STM32CubeIDE_1.14.1/STM32CubeIDE/plugins/com.st.stm32cube.ide.mcu.externaltools.gnu-tools-for-stm32.11.3.rel1.win32_1.1.100.202309141235/tools/bin/../lib/gcc/arm-none-eabi/11.3.1/../../../../arm-none-eabi/lib/thumb/v7-m/nofp\libc_nano.a(libc_a-closer.o)
                              C:/ST/STM32CubeIDE_1.14.1/STM32CubeIDE/plugins/com.st.stm32cube.ide.mcu.externaltools.gnu-tools-for-stm32.11.3.rel1.win32_1.1.100.202309141235/tools/bin/../lib/gcc/arm-none-eabi/11.3.1/../../../../arm-none-eabi/lib/thumb/v7-m/nofp\libc_nano.a(libc_a-stdio.o) (_close_r)
C:/ST/STM32CubeIDE_1.14.1/STM32CubeIDE/plugins/com.st.stm32cube.ide.mcu.externaltools.gnu-tools-for-stm32.11.3.rel1.win32_1.1.100.202309141235/tools/bin/../lib/gcc/arm-none-eabi/11.3.1/../../../../arm-none-eabi/lib/thumb/v7-m/nofp\libc_nano.a(libc_a-reent.o)
                              C:/ST/STM32CubeIDE_1.14.1/STM32CubeIDE/plugins/com.st.stm32cube.ide.mcu.externaltools.gnu-tools-for-stm32.11.3.rel1.win32_1.1.100.202309141235/tools/bin/../lib/gcc/arm-none-eabi/11.3.1/../../../../arm-none-eabi/lib/thumb/v7-m/nofp\libc_nano.a(libc_a-closer.o) (errno)
C:/ST/STM32CubeIDE_1.14.1/STM32CubeIDE/plugins/com.st.stm32cube.ide.mcu.externaltools.gnu-tools-for-stm32.11.3.rel1.win32_1.1.100.202309141235/tools/bin/../lib/gcc/arm-none-eabi/11.3.1/../../../../arm-none-eabi/lib/thumb/v7-m/nofp\libc_nano.a(libc_a-impure.o)
                              C:/ST/STM32CubeIDE_1.14.1/STM32CubeIDE/plugins/com.st.stm32cube.ide.mcu.externaltools.gnu-tools-for-stm32.11.3.rel1.win32_1.1.100.202309141235/tools/bin/../lib/gcc/arm-none-eabi/11.3.1/../../../../arm-none-eabi/lib/thumb/v7-m/nofp\libc_nano.a(libc_a-reent.o) (_impure_ptr)
C:/ST/STM32CubeIDE_1.14.1/STM32CubeIDE/plugins/com.st.stm32cube.ide.mcu.externaltools.gnu-tools-for-stm32.11.3.rel1.win32_1.1.100.202309141235/tools/bin/../lib/gcc/arm-none-eabi/11.3.1/../../../../arm-none-eabi/lib/thumb/v7-m/nofp\libc_nano.a(libc_a-lseekr.o)
[...]
Memory Configuration

Name             Origin             Length             Attributes
RAM              0x0000000020000000 0x0000000000005000 xrw
FLASH            0x0000000008000000 0x0000000000010000 xr
*default*        0x0000000000000000 0xffffffffffffffff

Linker script and memory map

LOAD C:/ST/STM32CubeIDE_1.14.1/STM32CubeIDE/plugins/com.st.stm32cube.ide.mcu.externaltools.gnu-tools-for-stm32.11.3.rel1.win32_1.1.100.202309141235/tools/bin/../lib/gcc/arm-none-eabi/11.3.1/thumb/v7-m/nofp/crti.o
LOAD C:/ST/STM32CubeIDE_1.14.1/STM32CubeIDE/plugins/com.st.stm32cube.ide.mcu.externaltools.gnu-tools-for-stm32.11.3.rel1.win32_1.1.100.202309141235/tools/bin/../lib/gcc/arm-none-eabi/11.3.1/thumb/v7-m/nofp/crtbegin.o
LOAD C:/ST/STM32CubeIDE_1.14.1/STM32CubeIDE/plugins/com.st.stm32cube.ide.mcu.externaltools.gnu-tools-for-stm32.11.3.rel1.win32_1.1.100.202309141235/tools/bin/../lib/gcc/arm-none-eabi/11.3.1/../../../../arm-none-eabi/lib/thumb/v7-m/nofp/crt0.o
LOAD ./Core/Inc/heap_2.o
LOAD ./Core/Src/croutine.o
LOAD ./Core/Src/event_groups.o
LOAD ./Core/Src/list.o
LOAD ./Core/Src/main.o
LOAD ./Core/Src/port.o
LOAD ./Core/Src/queue.o
LOAD ./Core/Src/stm32f1xx_hal_msp.o
LOAD ./Core/Src/syscalls.o
LOAD ./Core/Src/sysmem.o
LOAD ./Core/Src/system_stm32f1xx.o
LOAD ./Core/Src/tasks.o
LOAD ./Core/Src/timers.o
LOAD ./Core/Startup/startup_stm32f103c8tx.o
LOAD ./Drivers/STM32F1xx_HAL_Driver/Src/stm32f1xx_hal.o
LOAD ./Drivers/STM32F1xx_HAL_Driver/Src/stm32f1xx_hal_cortex.o
LOAD ./Drivers/STM32F1xx_HAL_Driver/Src/stm32f1xx_hal_dma.o
LOAD ./Drivers/STM32F1xx_HAL_Driver/Src/stm32f1xx_hal_exti.o
LOAD ./Drivers/STM32F1xx_HAL_Driver/Src/stm32f1xx_hal_flash.o
LOAD ./Drivers/STM32F1xx_HAL_Driver/Src/stm32f1xx_hal_flash_ex.o
LOAD ./Drivers/STM32F1xx_HAL_Driver/Src/stm32f1xx_hal_gpio.o
LOAD ./Drivers/STM32F1xx_HAL_Driver/Src/stm32f1xx_hal_gpio_ex.o
LOAD ./Drivers/STM32F1xx_HAL_Driver/Src/stm32f1xx_hal_pwr.o
LOAD ./Drivers/STM32F1xx_HAL_Driver/Src/stm32f1xx_hal_rcc.o
LOAD ./Drivers/STM32F1xx_HAL_Driver/Src/stm32f1xx_hal_rcc_ex.o
START GROUP
LOAD C:/ST/STM32CubeIDE_1.14.1/STM32CubeIDE/plugins/com.st.stm32cube.ide.mcu.externaltools.gnu-tools-for-stm32.11.3.rel1.win32_1.1.100.202309141235/tools/bin/../lib/gcc/arm-none-eabi/11.3.1/../../../../arm-none-eabi/lib/thumb/v7-m/nofp\libc_nano.a
LOAD C:/ST/STM32CubeIDE_1.14.1/STM32CubeIDE/plugins/com.st.stm32cube.ide.mcu.externaltools.gnu-tools-for-stm32.11.3.rel1.win32_1.1.100.202309141235/tools/bin/../lib/gcc/arm-none-eabi/11.3.1/../../../../arm-none-eabi/lib/thumb/v7-m/nofp\libm.a
END GROUP
START GROUP
LOAD C:/ST/STM32CubeIDE_1.14.1/STM32CubeIDE/plugins/com.st.stm32cube.ide.mcu.externaltools.gnu-tools-for-stm32.11.3.rel1.win32_1.1.100.202309141235/tools/bin/../lib/gcc/arm-none-eabi/11.3.1/thumb/v7-m/nofp\libgcc.a
LOAD C:/ST/STM32CubeIDE_1.14.1/STM32CubeIDE/plugins/com.st.stm32cube.ide.mcu.externaltools.gnu-tools-for-stm32.11.3.rel1.win32_1.1.100.202309141235/tools/bin/../lib/gcc/arm-none-eabi/11.3.1/../../../../arm-none-eabi/lib/thumb/v7-m/nofp\libc_nano.a
END GROUP
START GROUP
LOAD C:/ST/STM32CubeIDE_1.14.1/STM32CubeIDE/plugins/com.st.stm32cube.ide.mcu.externaltools.gnu-tools-for-stm32.11.3.rel1.win32_1.1.100.202309141235/tools/bin/../lib/gcc/arm-none-eabi/11.3.1/thumb/v7-m/nofp\libgcc.a
LOAD C:/ST/STM32CubeIDE_1.14.1/STM32CubeIDE/plugins/com.st.stm32cube.ide.mcu.externaltools.gnu-tools-for-stm32.11.3.rel1.win32_1.1.100.202309141235/tools/bin/../lib/gcc/arm-none-eabi/11.3.1/../../../../arm-none-eabi/lib/thumb/v7-m/nofp\libc_nano.a
LOAD C:/ST/STM32CubeIDE_1.14.1/STM32CubeIDE/plugins/com.st.stm32cube.ide.mcu.externaltools.gnu-tools-for-stm32.11.3.rel1.win32_1.1.100.202309141235/tools/bin/../lib/gcc/arm-none-eabi/11.3.1/../../../../arm-none-eabi/lib/thumb/v7-m/nofp\libnosys.a
END GROUP
START GROUP
LOAD C:/ST/STM32CubeIDE_1.14.1/STM32CubeIDE/plugins/com.st.stm32cube.ide.mcu.externaltools.gnu-tools-for-stm32.11.3.rel1.win32_1.1.100.202309141235/tools/bin/../lib/gcc/arm-none-eabi/11.3.1/thumb/v7-m/nofp\libgcc.a
LOAD C:/ST/STM32CubeIDE_1.14.1/STM32CubeIDE/plugins/com.st.stm32cube.ide.mcu.externaltools.gnu-tools-for-stm32.11.3.rel1.win32_1.1.100.202309141235/tools/bin/../lib/gcc/arm-none-eabi/11.3.1/../../../../arm-none-eabi/lib/thumb/v7-m/nofp\libc_nano.a
LOAD C:/ST/STM32CubeIDE_1.14.1/STM32CubeIDE/plugins/com.st.stm32cube.ide.mcu.externaltools.gnu-tools-for-stm32.11.3.rel1.win32_1.1.100.202309141235/tools/bin/../lib/gcc/arm-none-eabi/11.3.1/../../../../arm-none-eabi/lib/thumb/v7-m/nofp\libnosys.a
END GROUP
LOAD C:/ST/STM32CubeIDE_1.14.1/STM32CubeIDE/plugins/com.st.stm32cube.ide.mcu.externaltools.gnu-tools-for-stm32.11.3.rel1.win32_1.1.100.202309141235/tools/bin/../lib/gcc/arm-none-eabi/11.3.1/thumb/v7-m/nofp/crtend.o
LOAD C:/ST/STM32CubeIDE_1.14.1/STM32CubeIDE/plugins/com.st.stm32cube.ide.mcu.externaltools.gnu-tools-for-stm32.11.3.rel1.win32_1.1.100.202309141235/tools/bin/../lib/gcc/arm-none-eabi/11.3.1/thumb/v7-m/nofp/crtn.o
                0x0000000020005000                _estack = (ORIGIN (RAM) + LENGTH (RAM))
                0x0000000000000200                _Min_Heap_Size = 0x200
                0x0000000000000400                _Min_Stack_Size = 0x400

.isr_vector     0x0000000008000000      0x10c
                0x0000000008000000                . = ALIGN (0x4)
 *(.isr_vector)
 .isr_vector    0x0000000008000000      0x10c ./Core/Startup/startup_stm32f103c8tx.o
                0x0000000008000000                g_pfnVectors
                0x000000000800010c                . = ALIGN (0x4)

.text           0x0000000008000110     0x1ea0
                0x0000000008000110                . = ALIGN (0x4)
 *(.text)
 .text          0x0000000008000110       0x40 C:/ST/STM32CubeIDE_1.14.1/STM32CubeIDE/plugins/com.st.stm32cube.ide.mcu.externaltools.gnu-tools-for-stm32.11.3.rel1.win32_1.1.100.202309141235/tools/bin/../lib/gcc/arm-none-eabi/11.3.1/thumb/v7-m/nofp/crtbegin.o
 *(.text*)
 .text.pvPortMalloc
                0x0000000008000150      0x13c ./Core/Inc/heap_2.o
                0x0000000008000150                pvPortMalloc
 .text.vPortFree
                0x000000000800028c       0x98 ./Core/Inc/heap_2.o
                0x000000000800028c                vPortFree
 .text.prvHeapInit
                0x0000000008000324       0x50 ./Core/Inc/heap_2.o
 .text.vListInitialise
                0x0000000008000374       0x3e ./Core/Src/list.o
                0x0000000008000374                vListInitialise
 .text.vListInitialiseItem
                0x00000000080003b2       0x18 ./Core/Src/list.o
                0x00000000080003b2                vListInitialiseItem
 .text.vListInsert
                0x00000000080003ca       0x70 ./Core/Src/list.o
                0x00000000080003ca                vListInsert
 .text.uxListRemove
                0x000000000800043a       0x52 ./Core/Src/list.o
                0x000000000800043a                uxListRemove
 .text.main     0x000000000800048c       0x78 ./Core/Src/main.o
                0x000000000800048c                main
 .text.WelcomeTask
                0x0000000008000504       0x2c ./Core/Src/main.o
                0x0000000008000504                WelcomeTask
 .text.TempSensorTask
                0x0000000008000530       0x2c ./Core/Src/main.o
                0x0000000008000530                TempSensorTask
 .text.pxPortInitialiseStack
                0x000000000800055c       0x58 ./Core/Src/port.o
                0x000000000800055c                pxPortInitialiseStack
 .text.prvTaskExitError
                0x00000000080005b4       0x32 ./Core/Src/port.o
 *fill*         0x00000000080005e6        0xa 
 .text.SVC_Handler
                0x00000000080005f0       0x28 ./Core/Src/port.o
                0x00000000080005f0                SVC_Handler
 .text.prvPortStartFirstTask
                0x0000000008000618       0x24 ./Core/Src/port.o
 .text.xPortStartScheduler
                0x000000000800063c       0x40 ./Core/Src/port.o
                0x000000000800063c                xPortStartScheduler
 .text.vPortEnterCritical
                0x000000000800067c       0x34 ./Core/Src/port.o
                0x000000000800067c                vPortEnterCritical
 .text.vPortExitCritical
                0x00000000080006b0       0x34 ./Core/Src/port.o
                0x00000000080006b0                vPortExitCritical
 *fill*         0x00000000080006e4        0xc 
 .text.PendSV_Handler
                0x00000000080006f0       0x48 ./Core/Src/port.o
                0x00000000080006f0                PendSV_Handler
 .text.SysTick_Handler
                0x0000000008000738       0x44 ./Core/Src/port.o
                0x0000000008000738                SysTick_Handler
 .text.vPortSetupTimerInterrupt
                0x000000000800077c       0x34 ./Core/Src/port.o
                0x000000000800077c                vPortSetupTimerInterrupt
 .text.xQueueGenericReset
                0x00000000080007b0       0xe8 ./Core/Src/queue.o
                0x00000000080007b0                xQueueGenericReset
 .text.xQueueGenericCreate
                0x0000000008000898       0x7e ./Core/Src/queue.o
                0x0000000008000898                xQueueGenericCreate
 .text.prvInitialiseNewQueue
                0x0000000008000916       0x46 ./Core/Src/queue.o
 .text.prvInitialiseMutex
                0x000000000800095c       0x34 ./Core/Src/queue.o
 .text.xQueueCreateMutex
                0x0000000008000990       0x30 ./Core/Src/queue.o
                0x0000000008000990                xQueueCreateMutex
 .text.xQueueGenericSend
                0x00000000080009c0      0x154 ./Core/Src/queue.o
                0x00000000080009c0                xQueueGenericSend
 .text.xQueueSemaphoreTake
                0x0000000008000b14      0x190 ./Core/Src/queue.o
                0x0000000008000b14                xQueueSemaphoreTake
 .text.prvGetDisinheritPriorityAfterTimeout
                0x0000000008000ca4       0x2e ./Core/Src/queue.o
 .text.prvCopyDataToQueue
                0x0000000008000cd2       0xd4 ./Core/Src/queue.o
 .text.prvUnlockQueue
                0x0000000008000da6       0xa4 ./Core/Src/queue.o
 .text.prvIsQueueEmpty
                0x0000000008000e4a       0x2c ./Core/Src/queue.o
 .text.prvIsQueueFull
                0x0000000008000e76       0x30 ./Core/Src/queue.o
 .text.SystemInit
                0x0000000008000ea6        0xc ./Core/Src/system_stm32f1xx.o
                0x0000000008000ea6                SystemInit
 .text.xTaskCreate
                0x0000000008000eb2       0x8c ./Core/Src/tasks.o
                0x0000000008000eb2                xTaskCreate
 .text.prvInitialiseNewTask
                0x0000000008000f3e       0xe0 ./Core/Src/tasks.o
 *fill*         0x000000000800101e        0x2 
 .text.prvAddNewTaskToReadyList
                0x0000000008001020      0x12c ./Core/Src/tasks.o
 .text.vTaskStartScheduler
                0x000000000800114c       0x78 ./Core/Src/tasks.o
                0x000000000800114c                vTaskStartScheduler
 .text.vTaskSuspendAll
                0x00000000080011c4       0x1c ./Core/Src/tasks.o
                0x00000000080011c4                vTaskSuspendAll
 .text.xTaskResumeAll
                0x00000000080011e0      0x1d8 ./Core/Src/tasks.o
                0x00000000080011e0                xTaskResumeAll
 .text.xTaskIncrementTick
                0x00000000080013b8      0x20c ./Core/Src/tasks.o
                0x00000000080013b8                xTaskIncrementTick
 .text.vTaskSwitchContext
                0x00000000080015c4       0x8c ./Core/Src/tasks.o
                0x00000000080015c4                vTaskSwitchContext
 .text.vTaskPlaceOnEventList
                0x0000000008001650       0x2c ./Core/Src/tasks.o
                0x0000000008001650                vTaskPlaceOnEventList
 .text.xTaskRemoveFromEventList
                0x000000000800167c      0x190 ./Core/Src/tasks.o
                0x000000000800167c                xTaskRemoveFromEventList
 .text.vTaskInternalSetTimeOutState
                0x000000000800180c       0x2c ./Core/Src/tasks.o
                0x000000000800180c                vTaskInternalSetTimeOutState
 .text.xTaskCheckForTimeOut
                0x0000000008001838       0x94 ./Core/Src/tasks.o
                0x0000000008001838                xTaskCheckForTimeOut
 .text.vTaskMissedYield
                0x00000000080018cc       0x18 ./Core/Src/tasks.o
                0x00000000080018cc                vTaskMissedYield
 .text.prvIdleTask
                0x00000000080018e4       0x30 ./Core/Src/tasks.o
 .text.prvInitialiseTaskLists
                0x0000000008001914       0x80 ./Core/Src/tasks.o
 .text.prvCheckTasksWaitingTermination
                0x0000000008001994       0x5c ./Core/Src/tasks.o
 .text.prvDeleteTCB
                0x00000000080019f0       0x20 ./Core/Src/tasks.o
 .text.prvResetNextTaskUnblockTime
                0x0000000008001a10       0x34 ./Core/Src/tasks.o
 .text.xTaskPriorityInherit
                0x0000000008001a44      0x13c ./Core/Src/tasks.o
                0x0000000008001a44                xTaskPriorityInherit
 .text.xTaskPriorityDisinherit
                0x0000000008001b80      0x104 ./Core/Src/tasks.o
                0x0000000008001b80                xTaskPriorityDisinherit
 .text.vTaskPriorityDisinheritAfterTimeout
                0x0000000008001c84      0x12c ./Core/Src/tasks.o
                0x0000000008001c84                vTaskPriorityDisinheritAfterTimeout
 .text.pvTaskIncrementMutexHeldCount
                0x0000000008001db0       0x28 ./Core/Src/tasks.o
                0x0000000008001db0                pvTaskIncrementMutexHeldCount
 .text.prvAddCurrentTaskToDelayedList
                0x0000000008001dd8      0x100 ./Core/Src/tasks.o
 .text.Reset_Handler
                0x0000000008001ed8       0x48 ./Core/Startup/startup_stm32f103c8tx.o
                0x0000000008001ed8                Reset_Handler
 .text.Default_Handler
                0x0000000008001f20        0x2 ./Core/Startup/startup_stm32f103c8tx.o
                0x0000000008001f20                RTC_Alarm_IRQHandler
                0x0000000008001f20                EXTI2_IRQHandler
                0x0000000008001f20                DebugMon_Handler
                0x0000000008001f20                TIM1_CC_IRQHandler
                0x0000000008001f20                HardFault_Handler
                0x0000000008001f20                PVD_IRQHandler
                0x0000000008001f20                NMI_Handler
                0x0000000008001f20                EXTI3_IRQHandler
                0x0000000008001f20                EXTI0_IRQHandler
                0x0000000008001f20                I2C2_EV_IRQHandler
                0x0000000008001f20                UsageFault_Handler
                0x0000000008001f20                ADC1_2_IRQHandler
                0x0000000008001f20                SPI1_IRQHandler
                0x0000000008001f20                TAMPER_IRQHandler
                0x0000000008001f20                DMA1_Channel4_IRQHandler
                0x0000000008001f20                USART3_IRQHandler
                0x0000000008001f20                RTC_IRQHandler
                0x0000000008001f20                DMA1_Channel7_IRQHandler
                0x0000000008001f20                CAN1_RX1_IRQHandler
                0x0000000008001f20                TIM4_IRQHandler
                0x0000000008001f20                I2C1_EV_IRQHandler
                0x0000000008001f20                DMA1_Channel6_IRQHandler
                0x0000000008001f20                TIM3_IRQHandler
                0x0000000008001f20                RCC_IRQHandler
                0x0000000008001f20                TIM1_TRG_COM_IRQHandler
                0x0000000008001f20                DMA1_Channel1_IRQHandler
                0x0000000008001f20                Default_Handler
                0x0000000008001f20                EXTI15_10_IRQHandler
                0x0000000008001f20                EXTI9_5_IRQHandler
                0x0000000008001f20                SPI2_IRQHandler
                0x0000000008001f20                MemManage_Handler
                0x0000000008001f20                DMA1_Channel5_IRQHandler
                0x0000000008001f20                EXTI4_IRQHandler
                0x0000000008001f20                USB_LP_CAN1_RX0_IRQHandler
                0x0000000008001f20                USB_HP_CAN1_TX_IRQHandler
                0x0000000008001f20                DMA1_Channel3_IRQHandler
                0x0000000008001f20                TIM1_UP_IRQHandler
                0x0000000008001f20                WWDG_IRQHandler
                0x0000000008001f20                TIM2_IRQHandler
                0x0000000008001f20                TIM1_BRK_IRQHandler
                0x0000000008001f20                EXTI1_IRQHandler
                0x0000000008001f20                USART2_IRQHandler
                0x0000000008001f20                I2C2_ER_IRQHandler
                0x0000000008001f20                DMA1_Channel2_IRQHandler
                0x0000000008001f20                CAN1_SCE_IRQHandler
                0x0000000008001f20                FLASH_IRQHandler
                0x0000000008001f20                BusFault_Handler
                0x0000000008001f20                USART1_IRQHandler
                0x0000000008001f20                I2C1_ER_IRQHandler
                0x0000000008001f20                USBWakeUp_IRQHandler
 .text.memset   0x0000000008001f22       0x10 C:/ST/STM32CubeIDE_1.14.1/STM32CubeIDE/plugins/com.st.stm32cube.ide.mcu.externaltools.gnu-tools-for-stm32.11.3.rel1.win32_1.1.100.202309141235/tools/bin/../lib/gcc/arm-none-eabi/11.3.1/../../../../arm-none-eabi/lib/thumb/v7-m/nofp\libc_nano.a(libc_a-memset.o)
                0x0000000008001f22                memset
 *fill*         0x0000000008001f32        0x2 
 .text.__libc_init_array
                0x0000000008001f34       0x48 C:/ST/STM32CubeIDE_1.14.1/STM32CubeIDE/plugins/com.st.stm32cube.ide.mcu.externaltools.gnu-tools-for-stm32.11.3.rel1.win32_1.1.100.202309141235/tools/bin/../lib/gcc/arm-none-eabi/11.3.1/../../../../arm-none-eabi/lib/thumb/v7-m/nofp\libc_nano.a(libc_a-init.o)
                0x0000000008001f34                __libc_init_array
 .text.memcpy   0x0000000008001f7c       0x1c C:/ST/STM32CubeIDE_1.14.1/STM32CubeIDE/plugins/com.st.stm32cube.ide.mcu.externaltools.gnu-tools-for-stm32.11.3.rel1.win32_1.1.100.202309141235/tools/bin/../lib/gcc/arm-none-eabi/11.3.1/../../../../arm-none-eabi/lib/thumb/v7-m/nofp\libc_nano.a(libc_a-memcpy-stub.o)
                0x0000000008001f7c                memcpy
 *(.glue_7)
 .glue_7        0x0000000008001f98        0x0 linker stubs
 *(.glue_7t)
 .glue_7t       0x0000000008001f98        0x0 linker stubs
 *(.eh_frame)
 .eh_frame      0x0000000008001f98        0x0 C:/ST/STM32CubeIDE_1.14.1/STM32CubeIDE/plugins/com.st.stm32cube.ide.mcu.externaltools.gnu-tools-for-stm32.11.3.rel1.win32_1.1.100.202309141235/tools/bin/../lib/gcc/arm-none-eabi/11.3.1/thumb/v7-m/nofp/crtbegin.o
 *(.init)
 .init          0x0000000008001f98        0x4 C:/ST/STM32CubeIDE_1.14.1/STM32CubeIDE/plugins/com.st.stm32cube.ide.mcu.externaltools.gnu-tools-for-stm32.11.3.rel1.win32_1.1.100.202309141235/tools/bin/../lib/gcc/arm-none-eabi/11.3.1/thumb/v7-m/nofp/crti.o
                0x0000000008001f98                _init
 .init          0x0000000008001f9c        0x8 C:/ST/STM32CubeIDE_1.14.1/STM32CubeIDE/plugins/com.st.stm32cube.ide.mcu.externaltools.gnu-tools-for-stm32.11.3.rel1.win32_1.1.100.202309141235/tools/bin/../lib/gcc/arm-none-eabi/11.3.1/thumb/v7-m/nofp/crtn.o
 *(.fini)
 .fini          0x0000000008001fa4        0x4 C:/ST/STM32CubeIDE_1.14.1/STM32CubeIDE/plugins/com.st.stm32cube.ide.mcu.externaltools.gnu-tools-for-stm32.11.3.rel1.win32_1.1.100.202309141235/tools/bin/../lib/gcc/arm-none-eabi/11.3.1/thumb/v7-m/nofp/crti.o
                0x0000000008001fa4                _fini
 .fini          0x0000000008001fa8        0x8 C:/ST/STM32CubeIDE_1.14.1/STM32CubeIDE/plugins/com.st.stm32cube.ide.mcu.externaltools.gnu-tools-for-stm32.11.3.rel1.win32_1.1.100.202309141235/tools/bin/../lib/gcc/arm-none-eabi/11.3.1/thumb/v7-m/nofp/crtn.o
                0x0000000008001fb0                . = ALIGN (0x4)
                0x0000000008001fb0                _etext = .

.vfp11_veneer   0x0000000008001fb0        0x0
 .vfp11_veneer  0x0000000008001fb0        0x0 linker stubs

.v4_bx          0x0000000008001fb0        0x0
 .v4_bx         0x0000000008001fb0        0x0 linker stubs

.iplt           0x0000000008001fb0        0x0
 .iplt          0x0000000008001fb0        0x0 C:/ST/STM32CubeIDE_1.14.1/STM32CubeIDE/plugins/com.st.stm32cube.ide.mcu.externaltools.gnu-tools-for-stm32.11.3.rel1.win32_1.1.100.202309141235/tools/bin/../lib/gcc/arm-none-eabi/11.3.1/thumb/v7-m/nofp/crtbegin.o

.rodata         0x0000000008001fb0       0x24
                0x0000000008001fb0                . = ALIGN (0x4)
 *(.rodata)
 .rodata        0x0000000008001fb0       0x1b ./Core/Src/main.o
 *fill*         0x0000000008001fcb        0x1 
 .rodata        0x0000000008001fcc        0x5 ./Core/Src/tasks.o
 *(.rodata*)
                0x0000000008001fd4                . = ALIGN (0x4)
 *fill*         0x0000000008001fd1        0x3 

.rel.dyn        0x0000000008001fd4        0x0
 .rel.iplt      0x0000000008001fd4        0x0 C:/ST/STM32CubeIDE_1.14.1/STM32CubeIDE/plugins/com.st.stm32cube.ide.mcu.externaltools.gnu-tools-for-stm32.11.3.rel1.win32_1.1.100.202309141235/tools/bin/../lib/gcc/arm-none-eabi/11.3.1/thumb/v7-m/nofp/crtbegin.o

.ARM.extab      0x0000000008001fd4        0x0
                0x0000000008001fd4                . = ALIGN (0x4)
 *(.ARM.extab* .gnu.linkonce.armextab.*)
                0x0000000008001fd4                . = ALIGN (0x4)

.ARM            0x0000000008001fd4        0x0
                0x0000000008001fd4                . = ALIGN (0x4)
                0x0000000008001fd4                __exidx_start = .
 *(.ARM.exidx*)
                0x0000000008001fd4                __exidx_end = .
                0x0000000008001fd4                . = ALIGN (0x4)

.preinit_array  0x0000000008001fd4        0x0
                0x0000000008001fd4                . = ALIGN (0x4)
                0x0000000008001fd4                PROVIDE (__preinit_array_start = .)
 *(.preinit_array*)
                0x0000000008001fd4                PROVIDE (__preinit_array_end = .)
                0x0000000008001fd4                . = ALIGN (0x4)

.init_array     0x0000000008001fd4        0x4
                0x0000000008001fd4                . = ALIGN (0x4)
                0x0000000008001fd4                PROVIDE (__init_array_start = .)
 *(SORT_BY_NAME(.init_array.*))
 *(.init_array*)
 .init_array    0x0000000008001fd4        0x4 C:/ST/STM32CubeIDE_1.14.1/STM32CubeIDE/plugins/com.st.stm32cube.ide.mcu.externaltools.gnu-tools-for-stm32.11.3.rel1.win32_1.1.100.202309141235/tools/bin/../lib/gcc/arm-none-eabi/11.3.1/thumb/v7-m/nofp/crtbegin.o
                0x0000000008001fd8                PROVIDE (__init_array_end = .)
                0x0000000008001fd8                . = ALIGN (0x4)

.fini_array     0x0000000008001fd8        0x4
                0x0000000008001fd8                . = ALIGN (0x4)
                [!provide]                        PROVIDE (__fini_array_start = .)
 *(SORT_BY_NAME(.fini_array.*))
 *(.fini_array*)
 .fini_array    0x0000000008001fd8        0x4 C:/ST/STM32CubeIDE_1.14.1/STM32CubeIDE/plugins/com.st.stm32cube.ide.mcu.externaltools.gnu-tools-for-stm32.11.3.rel1.win32_1.1.100.202309141235/tools/bin/../lib/gcc/arm-none-eabi/11.3.1/thumb/v7-m/nofp/crtbegin.o
                [!provide]                        PROVIDE (__fini_array_end = .)
                0x0000000008001fdc                . = ALIGN (0x4)
                0x0000000008001fdc                _sidata = LOADADDR (.data)

.data           0x0000000020000000        0xc load address 0x0000000008001fdc
                0x0000000020000000                . = ALIGN (0x4)
                0x0000000020000000                _sdata = .
 *(.data)
 *(.data*)
 .data.xFreeBytesRemaining
                0x0000000020000000        0x4 ./Core/Inc/heap_2.o
 .data.uxCriticalNesting
                0x0000000020000004        0x4 ./Core/Src/port.o
 .data.uxTopUsedPriority
                0x0000000020000008        0x4 ./Core/Src/tasks.o
                0x0000000020000008                uxTopUsedPriority
 *(.RamFunc)
 *(.RamFunc*)
                0x000000002000000c                . = ALIGN (0x4)
                0x000000002000000c                _edata = .

.igot.plt       0x000000002000000c        0x0 load address 0x0000000008001fe8
 .igot.plt      0x000000002000000c        0x0 C:/ST/STM32CubeIDE_1.14.1/STM32CubeIDE/plugins/com.st.stm32cube.ide.mcu.externaltools.gnu-tools-for-stm32.11.3.rel1.win32_1.1.100.202309141235/tools/bin/../lib/gcc/arm-none-eabi/11.3.1/thumb/v7-m/nofp/crtbegin.o
                0x000000002000000c                . = ALIGN (0x4)

.bss            0x000000002000000c     0x294c load address 0x0000000008001fe8
                0x000000002000000c                _sbss = .
                0x000000002000000c                __bss_start__ = _sbss
 *(.bss)
 .bss           0x000000002000000c       0x1c C:/ST/STM32CubeIDE_1.14.1/STM32CubeIDE/plugins/com.st.stm32cube.ide.mcu.externaltools.gnu-tools-for-stm32.11.3.rel1.win32_1.1.100.202309141235/tools/bin/../lib/gcc/arm-none-eabi/11.3.1/thumb/v7-m/nofp/crtbegin.o
 *(.bss*)
 .bss.ucHeap    0x0000000020000028     0x2800 ./Core/Inc/heap_2.o
 .bss.xStart    0x0000000020002828        0x8 ./Core/Inc/heap_2.o
 .bss.xEnd      0x0000000020002830        0x8 ./Core/Inc/heap_2.o
 .bss.xHeapHasBeenInitialised.0
                0x0000000020002838        0x4 ./Core/Inc/heap_2.o
 .bss.mutex     0x000000002000283c        0x4 ./Core/Src/main.o
                0x000000002000283c                mutex
 .bss.pxCurrentTCB
                0x0000000020002840        0x4 ./Core/Src/tasks.o
                0x0000000020002840                pxCurrentTCB
 .bss.pxReadyTasksLists
                0x0000000020002844       0x78 ./Core/Src/tasks.o
 .bss.xDelayedTaskList1
                0x00000000200028bc       0x14 ./Core/Src/tasks.o
 .bss.xDelayedTaskList2
                0x00000000200028d0       0x14 ./Core/Src/tasks.o
 .bss.pxDelayedTaskList
                0x00000000200028e4        0x4 ./Core/Src/tasks.o
 .bss.pxOverflowDelayedTaskList
                0x00000000200028e8        0x4 ./Core/Src/tasks.o
 .bss.xPendingReadyList
                0x00000000200028ec       0x14 ./Core/Src/tasks.o
 .bss.xTasksWaitingTermination
                0x0000000020002900       0x14 ./Core/Src/tasks.o
 .bss.uxDeletedTasksWaitingCleanUp
                0x0000000020002914        0x4 ./Core/Src/tasks.o
 .bss.xSuspendedTaskList
                0x0000000020002918       0x14 ./Core/Src/tasks.o
 .bss.uxCurrentNumberOfTasks
                0x000000002000292c        0x4 ./Core/Src/tasks.o
 .bss.xTickCount
                0x0000000020002930        0x4 ./Core/Src/tasks.o
 .bss.uxTopReadyPriority
                0x0000000020002934        0x4 ./Core/Src/tasks.o
 .bss.xSchedulerRunning
                0x0000000020002938        0x4 ./Core/Src/tasks.o
 .bss.xPendedTicks
                0x000000002000293c        0x4 ./Core/Src/tasks.o
 .bss.xYieldPending
                0x0000000020002940        0x4 ./Core/Src/tasks.o
 .bss.xNumOfOverflows
                0x0000000020002944        0x4 ./Core/Src/tasks.o
 .bss.uxTaskNumber
                0x0000000020002948        0x4 ./Core/Src/tasks.o
 .bss.xNextTaskUnblockTime
                0x000000002000294c        0x4 ./Core/Src/tasks.o
 .bss.xIdleTaskHandle
                0x0000000020002950        0x4 ./Core/Src/tasks.o
 .bss.uxSchedulerSuspended
                0x0000000020002954        0x4 ./Core/Src/tasks.o
 *(COMMON)
                0x0000000020002958                . = ALIGN (0x4)
                0x0000000020002958                _ebss = .
                0x0000000020002958                __bss_end__ = _ebss

._user_heap_stack
                0x0000000020002958      0x600 load address 0x0000000008001fe8
                0x0000000020002958                . = ALIGN (0x8)
                [!provide]                        PROVIDE (end = .)
                0x0000000020002958                PROVIDE (_end = .)
                0x0000000020002b58                . = (. + _Min_Heap_Size)
 *fill*         0x0000000020002958      0x200 
                0x0000000020002f58                . = (. + _Min_Stack_Size)
 *fill*         0x0000000020002b58      0x400 
                0x0000000020002f58                . = ALIGN (0x8)

/DISCARD/
 libc.a(*)
 libm.a(*)
 libgcc.a(*)

.ARM.attributes
                0x0000000000000000       0x29
 *(.ARM.attributes)
 .ARM.attributes
                0x0000000000000000       0x1d C:/ST/STM32CubeIDE_1.14.1/STM32CubeIDE/plugins/com.st.stm32cube.ide.mcu.externaltools.gnu-tools-for-stm32.11.3.rel1.win32_1.1.100.202309141235/tools/bin/../lib/gcc/arm-none-eabi/11.3.1/thumb/v7-m/nofp/crti.o
 .ARM.attributes
                0x000000000000001d       0x2d C:/ST/STM32CubeIDE_1.14.1/STM32CubeIDE/plugins/com.st.stm32cube.ide.mcu.externaltools.gnu-tools-for-stm32.11.3.rel1.win32_1.1.100.202309141235/tools/bin/../lib/gcc/arm-none-eabi/11.3.1/thumb/v7-m/nofp/crtbegin.o
 .ARM.attributes
                0x000000000000004a       0x2d ./Core/Inc/heap_2.o
 .ARM.attributes
                0x0000000000000077       0x2d ./Core/Src/list.o
 .ARM.attributes
                0x00000000000000a4       0x2d ./Core/Src/main.o
 .ARM.attributes
                0x00000000000000d1       0x2d ./Core/Src/port.o
 .ARM.attributes
                0x00000000000000fe       0x2d ./Core/Src/queue.o
 .ARM.attributes
                0x000000000000012b       0x2d ./Core/Src/system_stm32f1xx.o
 .ARM.attributes
                0x0000000000000158       0x2d ./Core/Src/tasks.o
 .ARM.attributes
                0x0000000000000185       0x21 ./Core/Startup/startup_stm32f103c8tx.o
 .ARM.attributes
                0x00000000000001a6       0x2d C:/ST/STM32CubeIDE_1.14.1/STM32CubeIDE/plugins/com.st.stm32cube.ide.mcu.externaltools.gnu-tools-for-stm32.11.3.rel1.win32_1.1.100.202309141235/tools/bin/../lib/gcc/arm-none-eabi/11.3.1/../../../../arm-none-eabi/lib/thumb/v7-m/nofp\libc_nano.a(libc_a-memset.o)
 .ARM.attributes
                0x00000000000001d3       0x2d C:/ST/STM32CubeIDE_1.14.1/STM32CubeIDE/plugins/com.st.stm32cube.ide.mcu.externaltools.gnu-tools-for-stm32.11.3.rel1.win32_1.1.100.202309141235/tools/bin/../lib/gcc/arm-none-eabi/11.3.1/../../../../arm-none-eabi/lib/thumb/v7-m/nofp\libc_nano.a(libc_a-init.o)
 .ARM.attributes
                0x0000000000000200       0x2d C:/ST/STM32CubeIDE_1.14.1/STM32CubeIDE/plugins/com.st.stm32cube.ide.mcu.externaltools.gnu-tools-for-stm32.11.3.rel1.win32_1.1.100.202309141235/tools/bin/../lib/gcc/arm-none-eabi/11.3.1/../../../../arm-none-eabi/lib/thumb/v7-m/nofp\libc_nano.a(libc_a-memcpy-stub.o)
 .ARM.attributes
                0x000000000000022d       0x1d C:/ST/STM32CubeIDE_1.14.1/STM32CubeIDE/plugins/com.st.stm32cube.ide.mcu.externaltools.gnu-tools-for-stm32.11.3.rel1.win32_1.1.100.202309141235/tools/bin/../lib/gcc/arm-none-eabi/11.3.1/thumb/v7-m/nofp/crtn.o
OUTPUT(RTOS_Semaphore.elf elf32-littlearm)
LOAD linker stubs
LOAD C:/ST/STM32CubeIDE_1.14.1/STM32CubeIDE/plugins/com.st.stm32cube.ide.mcu.externaltools.gnu-tools-for-stm32.11.3.rel1.win32_1.1.100.202309141235/tools/bin/../lib/gcc/arm-none-eabi/11.3.1/../../../../arm-none-eabi/lib/thumb/v7-m/nofp\libc.a
LOAD C:/ST/STM32CubeIDE_1.14.1/STM32CubeIDE/plugins/com.st.stm32cube.ide.mcu.externaltools.gnu-tools-for-stm32.11.3.rel1.win32_1.1.100.202309141235/tools/bin/../lib/gcc/arm-none-eabi/11.3.1/../../../../arm-none-eabi/lib/thumb/v7-m/nofp\libm.a
LOAD C:/ST/STM32CubeIDE_1.14.1/STM32CubeIDE/plugins/com.st.stm32cube.ide.mcu.externaltools.gnu-tools-for-stm32.11.3.rel1.win32_1.1.100.202309141235/tools/bin/../lib/gcc/arm-none-eabi/11.3.1/thumb/v7-m/nofp\libgcc.a

.comment        0x0000000000000000       0x43
 .comment       0x0000000000000000       0x43 C:/ST/STM32CubeIDE_1.14.1/STM32CubeIDE/plugins/com.st.stm32cube.ide.mcu.externaltools.gnu-tools-for-stm32.11.3.rel1.win32_1.1.100.202309141235/tools/bin/../lib/gcc/arm-none-eabi/11.3.1/thumb/v7-m/nofp/crtbegin.o
                                         0x44 (size before relaxing)
 .comment       0x0000000000000043       0x44 ./Core/Inc/heap_2.o
 .comment       0x0000000000000043       0x44 ./Core/Src/list.o
 .comment       0x0000000000000043       0x44 ./Core/Src/main.o
 .comment       0x0000000000000043       0x44 ./Core/Src/port.o
 .comment       0x0000000000000043       0x44 ./Core/Src/queue.o
 .comment       0x0000000000000043       0x44 ./Core/Src/system_stm32f1xx.o
 .comment       0x0000000000000043       0x44 ./Core/Src/tasks.o

.debug_info     0x0000000000000000     0x3e5e
 .debug_info    0x0000000000000000      0x379 ./Core/Inc/heap_2.o
 .debug_info    0x0000000000000379      0x2af ./Core/Src/list.o
 .debug_info    0x0000000000000628      0x371 ./Core/Src/main.o
 .debug_info    0x0000000000000999      0x2e7 ./Core/Src/port.o
 .debug_info    0x0000000000000c80     0x1100 ./Core/Src/queue.o
 .debug_info    0x0000000000001d80      0x222 ./Core/Src/system_stm32f1xx.o
 .debug_info    0x0000000000001fa2     0x1e99 ./Core/Src/tasks.o
 .debug_info    0x0000000000003e3b       0x23 ./Core/Startup/startup_stm32f103c8tx.o

.debug_abbrev   0x0000000000000000      0xdbc
 .debug_abbrev  0x0000000000000000      0x1e2 ./Core/Inc/heap_2.o
 .debug_abbrev  0x00000000000001e2       0xf5 ./Core/Src/list.o
 .debug_abbrev  0x00000000000002d7      0x147 ./Core/Src/main.o
 .debug_abbrev  0x000000000000041e      0x20c ./Core/Src/port.o
 .debug_abbrev  0x000000000000062a      0x2d8 ./Core/Src/queue.o
 .debug_abbrev  0x0000000000000902      0x13f ./Core/Src/system_stm32f1xx.o
 .debug_abbrev  0x0000000000000a41      0x369 ./Core/Src/tasks.o
 .debug_abbrev  0x0000000000000daa       0x12 ./Core/Startup/startup_stm32f103c8tx.o

.debug_aranges  0x0000000000000000      0x460
 .debug_aranges
                0x0000000000000000       0x48 ./Core/Inc/heap_2.o
 .debug_aranges
                0x0000000000000048       0x40 ./Core/Src/list.o
 .debug_aranges
                0x0000000000000088       0x30 ./Core/Src/main.o
 .debug_aranges
                0x00000000000000b8       0x70 ./Core/Src/port.o
 .debug_aranges
                0x0000000000000128       0xf8 ./Core/Src/queue.o
 .debug_aranges
                0x0000000000000220       0x28 ./Core/Src/system_stm32f1xx.o
 .debug_aranges
                0x0000000000000248      0x1f0 ./Core/Src/tasks.o
 .debug_aranges
                0x0000000000000438       0x28 ./Core/Startup/startup_stm32f103c8tx.o

.debug_rnglists
                0x0000000000000000      0x34a
 .debug_rnglists
                0x0000000000000000       0x33 ./Core/Inc/heap_2.o
 .debug_rnglists
                0x0000000000000033       0x2b ./Core/Src/list.o
 .debug_rnglists
                0x000000000000005e       0x1f ./Core/Src/main.o
 .debug_rnglists
                0x000000000000007d       0x4f ./Core/Src/port.o
 .debug_rnglists
                0x00000000000000cc       0xbf ./Core/Src/queue.o
 .debug_rnglists
                0x000000000000018b       0x1a ./Core/Src/system_stm32f1xx.o
 .debug_rnglists
                0x00000000000001a5      0x18c ./Core/Src/tasks.o
 .debug_rnglists
                0x0000000000000331       0x19 ./Core/Startup/startup_stm32f103c8tx.o

.debug_macro    0x0000000000000000    0x16db2
 .debug_macro   0x0000000000000000      0x226 ./Core/Inc/heap_2.o
 .debug_macro   0x0000000000000226      0xa9c ./Core/Inc/heap_2.o
 .debug_macro   0x0000000000000cc2       0x24 ./Core/Inc/heap_2.o
 .debug_macro   0x0000000000000ce6       0x22 ./Core/Inc/heap_2.o
 .debug_macro   0x0000000000000d08       0x5b ./Core/Inc/heap_2.o
 .debug_macro   0x0000000000000d63       0x94 ./Core/Inc/heap_2.o
 .debug_macro   0x0000000000000df7       0x43 ./Core/Inc/heap_2.o
 .debug_macro   0x0000000000000e3a       0x34 ./Core/Inc/heap_2.o
 .debug_macro   0x0000000000000e6e       0x16 ./Core/Inc/heap_2.o
 .debug_macro   0x0000000000000e84      0x10e ./Core/Inc/heap_2.o
 .debug_macro   0x0000000000000f92       0x8d ./Core/Inc/heap_2.o
 .debug_macro   0x000000000000101f       0x16 ./Core/Inc/heap_2.o
 .debug_macro   0x0000000000001035       0x43 ./Core/Inc/heap_2.o
 .debug_macro   0x0000000000001078       0x57 ./Core/Inc/heap_2.o
 .debug_macro   0x00000000000010cf       0x34 ./Core/Inc/heap_2.o
 .debug_macro   0x0000000000001103       0x10 ./Core/Inc/heap_2.o
 .debug_macro   0x0000000000001113       0x58 ./Core/Inc/heap_2.o
 .debug_macro   0x000000000000116b       0x8e ./Core/Inc/heap_2.o
 .debug_macro   0x00000000000011f9       0x1c ./Core/Inc/heap_2.o
 .debug_macro   0x0000000000001215      0x177 ./Core/Inc/heap_2.o
 .debug_macro   0x000000000000138c      0x369 ./Core/Inc/heap_2.o
 .debug_macro   0x00000000000016f5       0x16 ./Core/Inc/heap_2.o
 .debug_macro   0x000000000000170b       0x29 ./Core/Inc/heap_2.o
 .debug_macro   0x0000000000001734       0x16 ./Core/Inc/heap_2.o
 .debug_macro   0x000000000000174a       0x35 ./Core/Inc/heap_2.o
 .debug_macro   0x000000000000177f       0x20 ./Core/Inc/heap_2.o
 .debug_macro   0x000000000000179f      0x103 ./Core/Inc/heap_2.o
 .debug_macro   0x00000000000018a2       0x6a ./Core/Inc/heap_2.o
 .debug_macro   0x000000000000190c      0x1df ./Core/Inc/heap_2.o
 .debug_macro   0x0000000000001aeb       0xca ./Core/Inc/heap_2.o
 .debug_macro   0x0000000000001bb5      0x15a ./Core/Inc/heap_2.o
 .debug_macro   0x0000000000001d0f       0xe3 ./Core/Inc/heap_2.o
 .debug_macro   0x0000000000001df2       0x28 ./Core/Inc/heap_2.o
 .debug_macro   0x0000000000001e1a       0x1f ./Core/Inc/heap_2.o
 .debug_macro   0x0000000000001e39       0x12 ./Core/Inc/heap_2.o
 .debug_macro   0x0000000000001e4b      0x573 ./Core/Inc/heap_2.o
 .debug_macro   0x00000000000023be       0xc3 ./Core/Inc/heap_2.o
 .debug_macro   0x0000000000002481      0x120 ./Core/Inc/heap_2.o
 .debug_macro   0x00000000000025a1      0x198 ./Core/Src/list.o
 .debug_macro   0x0000000000002739      0x221 ./Core/Src/main.o
 .debug_macro   0x000000000000295a      0x209 ./Core/Src/main.o
 .debug_macro   0x0000000000002b63       0x2e ./Core/Src/main.o
 .debug_macro   0x0000000000002b91       0x22 ./Core/Src/main.o
 .debug_macro   0x0000000000002bb3       0x1c ./Core/Src/main.o
 .debug_macro   0x0000000000002bcf       0x22 ./Core/Src/main.o
 .debug_macro   0x0000000000002bf1       0xbd ./Core/Src/main.o
 .debug_macro   0x0000000000002cae      0xd23 ./Core/Src/main.o
 .debug_macro   0x00000000000039d1     0xe09e ./Core/Src/main.o
 .debug_macro   0x0000000000011a6f       0x6d ./Core/Src/main.o
 .debug_macro   0x0000000000011adc     0x348d ./Core/Src/main.o
 .debug_macro   0x0000000000014f69       0x5c ./Core/Src/main.o
 .debug_macro   0x0000000000014fc5      0x5bc ./Core/Src/main.o
 .debug_macro   0x0000000000015581      0x289 ./Core/Src/main.o
 .debug_macro   0x000000000001580a      0x1cb ./Core/Src/main.o
 .debug_macro   0x00000000000159d5      0x114 ./Core/Src/main.o
 .debug_macro   0x0000000000015ae9      0x1b2 ./Core/Src/main.o
 .debug_macro   0x0000000000015c9b       0x27 ./Core/Src/main.o
 .debug_macro   0x0000000000015cc2      0x136 ./Core/Src/main.o
 .debug_macro   0x0000000000015df8      0x1bc ./Core/Src/main.o
 .debug_macro   0x0000000000015fb4       0x34 ./Core/Src/main.o
 .debug_macro   0x0000000000015fe8       0x3c ./Core/Src/main.o
 .debug_macro   0x0000000000016024       0x57 ./Core/Src/main.o
 .debug_macro   0x000000000001607b       0x87 ./Core/Src/main.o
 .debug_macro   0x0000000000016102      0x240 ./Core/Src/main.o
 .debug_macro   0x0000000000016342      0x140 ./Core/Src/main.o
 .debug_macro   0x0000000000016482       0x83 ./Core/Src/main.o
 .debug_macro   0x0000000000016505       0x80 ./Core/Src/main.o
 .debug_macro   0x0000000000016585       0x62 ./Core/Src/main.o
 .debug_macro   0x00000000000165e7      0x183 ./Core/Src/port.o
 .debug_macro   0x000000000001676a      0x22f ./Core/Src/queue.o
 .debug_macro   0x0000000000016999      0x184 ./Core/Src/system_stm32f1xx.o
 .debug_macro   0x0000000000016b1d      0x27e ./Core/Src/tasks.o
 .debug_macro   0x0000000000016d9b       0x17 ./Core/Src/tasks.o

.debug_line     0x0000000000000000     0x4cfd
 .debug_line    0x0000000000000000      0x7ea ./Core/Inc/heap_2.o
 .debug_line    0x00000000000007ea      0x709 ./Core/Src/list.o
 .debug_line    0x0000000000000ef3      0x7b5 ./Core/Src/main.o
 .debug_line    0x00000000000016a8      0x664 ./Core/Src/port.o
 .debug_line    0x0000000000001d0c      0xf44 ./Core/Src/queue.o
 .debug_line    0x0000000000002c50      0x73a ./Core/Src/system_stm32f1xx.o
 .debug_line    0x000000000000338a     0x18fb ./Core/Src/tasks.o
 .debug_line    0x0000000000004c85       0x78 ./Core/Startup/startup_stm32f103c8tx.o

.debug_str      0x0000000000000000    0x86b7d
 .debug_str     0x0000000000000000     0xc579 ./Core/Inc/heap_2.o
                                       0xc7b5 (size before relaxing)
 .debug_str     0x000000000000c579      0x11e ./Core/Src/list.o
                                       0xaf7b (size before relaxing)
 .debug_str     0x000000000000c697    0x778a8 ./Core/Src/main.o
                                      0x8090f (size before relaxing)
 .debug_str     0x0000000000083f3f      0x6e0 ./Core/Src/port.o
                                       0x95c0 (size before relaxing)
 .debug_str     0x000000000008461f      0xa4d ./Core/Src/queue.o
                                       0xd49f (size before relaxing)
 .debug_str     0x000000000008506c       0x7e ./Core/Src/system_stm32f1xx.o
                                      0x7ac84 (size before relaxing)
 .debug_str     0x00000000000850ea     0x1a5f ./Core/Src/tasks.o
                                       0xe038 (size before relaxing)
 .debug_str     0x0000000000086b49       0x34 ./Core/Startup/startup_stm32f103c8tx.o
                                         0x78 (size before relaxing)

.debug_frame    0x0000000000000000     0x10fc
 .debug_frame   0x0000000000000000       0xe4 ./Core/Inc/heap_2.o
 .debug_frame   0x00000000000000e4       0xd8 ./Core/Src/list.o
 .debug_frame   0x00000000000001bc       0x70 ./Core/Src/main.o
 .debug_frame   0x000000000000022c      0x160 ./Core/Src/port.o
 .debug_frame   0x000000000000038c      0x41c ./Core/Src/queue.o
 .debug_frame   0x00000000000007a8       0x58 ./Core/Src/system_stm32f1xx.o
 .debug_frame   0x0000000000000800      0x888 ./Core/Src/tasks.o
 .debug_frame   0x0000000000001088       0x20 C:/ST/STM32CubeIDE_1.14.1/STM32CubeIDE/plugins/com.st.stm32cube.ide.mcu.externaltools.gnu-tools-for-stm32.11.3.rel1.win32_1.1.100.202309141235/tools/bin/../lib/gcc/arm-none-eabi/11.3.1/../../../../arm-none-eabi/lib/thumb/v7-m/nofp\libc_nano.a(libc_a-memset.o)
 .debug_frame   0x00000000000010a8       0x2c C:/ST/STM32CubeIDE_1.14.1/STM32CubeIDE/plugins/com.st.stm32cube.ide.mcu.externaltools.gnu-tools-for-stm32.11.3.rel1.win32_1.1.100.202309141235/tools/bin/../lib/gcc/arm-none-eabi/11.3.1/../../../../arm-none-eabi/lib/thumb/v7-m/nofp\libc_nano.a(libc_a-init.o)
 .debug_frame   0x00000000000010d4       0x28 C:/ST/STM32CubeIDE_1.14.1/STM32CubeIDE/plugins/com.st.stm32cube.ide.mcu.externaltools.gnu-tools-for-stm32.11.3.rel1.win32_1.1.100.202309141235/tools/bin/../lib/gcc/arm-none-eabi/11.3.1/../../../../arm-none-eabi/lib/thumb/v7-m/nofp\libc_nano.a(libc_a-memcpy-stub.o)

.debug_line_str
                0x0000000000000000       0x6c
 .debug_line_str
                0x0000000000000000       0x6c ./Core/Startup/startup_stm32f103c8tx.o
                                         0x84 (size before relaxing)
